// Vitest Snapshot v1, https://vitest.dev/guide/snapshot.html

exports[`file inputs > can rehydrate a file from the form 1`] = `
"<form class=\\"formkit-form\\" id=\\"super-unique-id\\" name=\\"form_2\\"><div class=\\"formkit-outer\\" data-family=\\"text\\" data-type=\\"file\\"><div class=\\"formkit-wrapper\\"><!----><div class=\\"formkit-inner\\"><!----><!----><input class=\\"formkit-input\\" type=\\"file\\" name=\\"file\\" id=\\"input_0\\"><ul class=\\"formkit-file-list\\"><li class=\\"formkit-file-item\\"><!----><span class=\\"formkit-file-name\\">test.jpg</span><button class=\\"formkit-file-remove\\" type=\\"button\\"><!---->Remove test.jpg</button></li></ul><!----><!----><!----><!----></div></div><!----><!----></div><!----><div class=\\"formkit-actions\\"><div class=\\"formkit-outer\\" data-family=\\"button\\" data-type=\\"submit\\" data-empty=\\"true\\"><!----><div class=\\"formkit-wrapper\\"><button class=\\"formkit-input\\" type=\\"submit\\" name=\\"submit_3\\" id=\\"input_1\\"><!----><!---->Submit<!----><!----></button></div><!----></div></div>
</form>"
`;

exports[`file inputs > can rehydrate a file input using an array 1`] = `
"<div class=\\"formkit-outer\\" data-family=\\"text\\" data-type=\\"file\\">
  <div class=\\"formkit-wrapper\\">
    <!---->
    <div class=\\"formkit-inner\\">
      <!---->
      <!----><input class=\\"formkit-input\\" type=\\"file\\" name=\\"file_1\\" id=\\"super-unique-id-2\\">
      <ul class=\\"formkit-file-list\\">
        <li class=\\"formkit-file-item\\">
          <!----><span class=\\"formkit-file-name\\">test.pdf</span><button class=\\"formkit-file-remove\\" type=\\"button\\">
            <!---->Remove test.pdf
          </button>
        </li>
      </ul>
      <!---->
      <!---->
      <!---->
      <!---->
    </div>
  </div>
  <!---->
  <!---->
</div>"
`;
